Archive member included to satisfy reference by file (symbol)

c:/chipwh~2/cw/home/portable/armgcc/bin/../lib/gcc/arm-none-eabi/10.2.1/../../../../arm-none-eabi/lib/thumb/v7e-m/nofp\libg_nano.a(lib_a-exit.o)
                              c:/chipwh~2/cw/home/portable/armgcc/bin/../lib/gcc/arm-none-eabi/10.2.1/../../../../arm-none-eabi/lib/thumb/v7e-m/nofp/crt0.o (exit)
c:/chipwh~2/cw/home/portable/armgcc/bin/../lib/gcc/arm-none-eabi/10.2.1/../../../../arm-none-eabi/lib/thumb/v7e-m/nofp\libg_nano.a(lib_a-impure.o)
                              c:/chipwh~2/cw/home/portable/armgcc/bin/../lib/gcc/arm-none-eabi/10.2.1/../../../../arm-none-eabi/lib/thumb/v7e-m/nofp\libg_nano.a(lib_a-exit.o) (_global_impure_ptr)
c:/chipwh~2/cw/home/portable/armgcc/bin/../lib/gcc/arm-none-eabi/10.2.1/../../../../arm-none-eabi/lib/thumb/v7e-m/nofp\libg_nano.a(lib_a-init.o)
                              c:/chipwh~2/cw/home/portable/armgcc/bin/../lib/gcc/arm-none-eabi/10.2.1/../../../../arm-none-eabi/lib/thumb/v7e-m/nofp/crt0.o (__libc_init_array)
c:/chipwh~2/cw/home/portable/armgcc/bin/../lib/gcc/arm-none-eabi/10.2.1/../../../../arm-none-eabi/lib/thumb/v7e-m/nofp\libg_nano.a(lib_a-memcpy-stub.o)
                              objdir-CW308_SAM4S/simpleserial.o (memcpy)
c:/chipwh~2/cw/home/portable/armgcc/bin/../lib/gcc/arm-none-eabi/10.2.1/../../../../arm-none-eabi/lib/thumb/v7e-m/nofp\libg_nano.a(lib_a-memset.o)
                              c:/chipwh~2/cw/home/portable/armgcc/bin/../lib/gcc/arm-none-eabi/10.2.1/../../../../arm-none-eabi/lib/thumb/v7e-m/nofp/crt0.o (memset)
c:/chipwh~2/cw/home/portable/armgcc/bin/../lib/gcc/arm-none-eabi/10.2.1/../../../../arm-none-eabi/lib/thumb/v7e-m/nofp\libnosys.a(_exit.o)
                              c:/chipwh~2/cw/home/portable/armgcc/bin/../lib/gcc/arm-none-eabi/10.2.1/../../../../arm-none-eabi/lib/thumb/v7e-m/nofp\libg_nano.a(lib_a-exit.o) (_exit)

Discarded input sections

 .text          0x00000000        0x0 c:/chipwh~2/cw/home/portable/armgcc/bin/../lib/gcc/arm-none-eabi/10.2.1/thumb/v7e-m/nofp/crti.o
 .data          0x00000000        0x0 c:/chipwh~2/cw/home/portable/armgcc/bin/../lib/gcc/arm-none-eabi/10.2.1/thumb/v7e-m/nofp/crti.o
 .bss           0x00000000        0x0 c:/chipwh~2/cw/home/portable/armgcc/bin/../lib/gcc/arm-none-eabi/10.2.1/thumb/v7e-m/nofp/crti.o
 .data          0x00000000        0x4 c:/chipwh~2/cw/home/portable/armgcc/bin/../lib/gcc/arm-none-eabi/10.2.1/thumb/v7e-m/nofp/crtbegin.o
 .rodata        0x00000000       0x24 c:/chipwh~2/cw/home/portable/armgcc/bin/../lib/gcc/arm-none-eabi/10.2.1/thumb/v7e-m/nofp/crtbegin.o
 .text          0x00000000       0x7c c:/chipwh~2/cw/home/portable/armgcc/bin/../lib/gcc/arm-none-eabi/10.2.1/../../../../arm-none-eabi/lib/thumb/v7e-m/nofp/crt0.o
 .data          0x00000000        0x0 c:/chipwh~2/cw/home/portable/armgcc/bin/../lib/gcc/arm-none-eabi/10.2.1/../../../../arm-none-eabi/lib/thumb/v7e-m/nofp/crt0.o
 .bss           0x00000000        0x0 c:/chipwh~2/cw/home/portable/armgcc/bin/../lib/gcc/arm-none-eabi/10.2.1/../../../../arm-none-eabi/lib/thumb/v7e-m/nofp/crt0.o
 .ARM.extab     0x00000000        0x0 c:/chipwh~2/cw/home/portable/armgcc/bin/../lib/gcc/arm-none-eabi/10.2.1/../../../../arm-none-eabi/lib/thumb/v7e-m/nofp/crt0.o
 .ARM.exidx     0x00000000       0x10 c:/chipwh~2/cw/home/portable/armgcc/bin/../lib/gcc/arm-none-eabi/10.2.1/../../../../arm-none-eabi/lib/thumb/v7e-m/nofp/crt0.o
 .ARM.attributes
                0x00000000       0x1c c:/chipwh~2/cw/home/portable/armgcc/bin/../lib/gcc/arm-none-eabi/10.2.1/../../../../arm-none-eabi/lib/thumb/v7e-m/nofp/crt0.o
 .group         0x00000000        0xc objdir-CW308_SAM4S/simpleserial-aes.o
 .group         0x00000000        0xc objdir-CW308_SAM4S/simpleserial-aes.o
 .group         0x00000000        0xc objdir-CW308_SAM4S/simpleserial-aes.o
 .group         0x00000000        0xc objdir-CW308_SAM4S/simpleserial-aes.o
 .group         0x00000000        0xc objdir-CW308_SAM4S/simpleserial-aes.o
 .group         0x00000000        0xc objdir-CW308_SAM4S/simpleserial-aes.o
 .group         0x00000000        0xc objdir-CW308_SAM4S/simpleserial-aes.o
 .group         0x00000000        0xc objdir-CW308_SAM4S/simpleserial-aes.o
 .group         0x00000000        0xc objdir-CW308_SAM4S/simpleserial-aes.o
 .group         0x00000000        0xc objdir-CW308_SAM4S/simpleserial-aes.o
 .group         0x00000000        0xc objdir-CW308_SAM4S/simpleserial-aes.o
 .group         0x00000000        0xc objdir-CW308_SAM4S/simpleserial-aes.o
 .group         0x00000000        0xc objdir-CW308_SAM4S/simpleserial-aes.o
 .group         0x00000000        0xc objdir-CW308_SAM4S/simpleserial-aes.o
 .group         0x00000000        0xc objdir-CW308_SAM4S/simpleserial-aes.o
 .group         0x00000000        0xc objdir-CW308_SAM4S/simpleserial-aes.o
 .group         0x00000000        0xc objdir-CW308_SAM4S/simpleserial-aes.o
 .group         0x00000000        0xc objdir-CW308_SAM4S/simpleserial-aes.o
[...]
Memory Configuration

Name             Origin             Length             Attributes
rom              0x00400000         0x00020000         xr
ram              0x20000000         0x00010000         xrw
*default*        0x00000000         0xffffffff

Linker script and memory map

LOAD c:/chipwh~2/cw/home/portable/armgcc/bin/../lib/gcc/arm-none-eabi/10.2.1/thumb/v7e-m/nofp/crti.o
LOAD c:/chipwh~2/cw/home/portable/armgcc/bin/../lib/gcc/arm-none-eabi/10.2.1/thumb/v7e-m/nofp/crtbegin.o
LOAD c:/chipwh~2/cw/home/portable/armgcc/bin/../lib/gcc/arm-none-eabi/10.2.1/../../../../arm-none-eabi/lib/thumb/v7e-m/nofp/crt0.o
LOAD objdir-CW308_SAM4S/simpleserial-aes.o
LOAD objdir-CW308_SAM4S/simpleserial.o
LOAD objdir-CW308_SAM4S/startup_sam4s.o
LOAD objdir-CW308_SAM4S/sam4s_hal.o
LOAD objdir-CW308_SAM4S/uart.o
LOAD objdir-CW308_SAM4S/pio.o
LOAD objdir-CW308_SAM4S/system_sam4s.o
LOAD objdir-CW308_SAM4S/sysclk.o
LOAD objdir-CW308_SAM4S/pmc.o
LOAD objdir-CW308_SAM4S/aes.o
LOAD objdir-CW308_SAM4S/aes-independant.o
LOAD c:/chipwh~2/cw/home/portable/armgcc/bin/../lib/gcc/arm-none-eabi/10.2.1/../../../../arm-none-eabi/lib/thumb/v7e-m/nofp\libm.a
LOAD c:/chipwh~2/cw/home/portable/armgcc/bin/../lib/gcc/arm-none-eabi/10.2.1/../../../../arm-none-eabi/lib/thumb/v7e-m/nofp\libm.a
START GROUP
LOAD c:/chipwh~2/cw/home/portable/armgcc/bin/../lib/gcc/arm-none-eabi/10.2.1/../../../../arm-none-eabi/lib/thumb/v7e-m/nofp\libm.a
END GROUP
LOAD c:/chipwh~2/cw/home/portable/armgcc/bin/../lib/gcc/arm-none-eabi/10.2.1/../../../../arm-none-eabi/lib/thumb/v7e-m/nofp\libm.a
START GROUP
LOAD c:/chipwh~2/cw/home/portable/armgcc/bin/../lib/gcc/arm-none-eabi/10.2.1/thumb/v7e-m/nofp\libgcc.a
LOAD c:/chipwh~2/cw/home/portable/armgcc/bin/../lib/gcc/arm-none-eabi/10.2.1/../../../../arm-none-eabi/lib/thumb/v7e-m/nofp\libg_nano.a
LOAD c:/chipwh~2/cw/home/portable/armgcc/bin/../lib/gcc/arm-none-eabi/10.2.1/../../../../arm-none-eabi/lib/thumb/v7e-m/nofp\libc_nano.a
END GROUP
START GROUP
LOAD c:/chipwh~2/cw/home/portable/armgcc/bin/../lib/gcc/arm-none-eabi/10.2.1/thumb/v7e-m/nofp\libgcc.a
LOAD c:/chipwh~2/cw/home/portable/armgcc/bin/../lib/gcc/arm-none-eabi/10.2.1/../../../../arm-none-eabi/lib/thumb/v7e-m/nofp\libc_nano.a
LOAD c:/chipwh~2/cw/home/portable/armgcc/bin/../lib/gcc/arm-none-eabi/10.2.1/../../../../arm-none-eabi/lib/thumb/v7e-m/nofp\libnosys.a
END GROUP
START GROUP
LOAD c:/chipwh~2/cw/home/portable/armgcc/bin/../lib/gcc/arm-none-eabi/10.2.1/thumb/v7e-m/nofp\libgcc.a
LOAD c:/chipwh~2/cw/home/portable/armgcc/bin/../lib/gcc/arm-none-eabi/10.2.1/../../../../arm-none-eabi/lib/thumb/v7e-m/nofp\libc_nano.a
LOAD c:/chipwh~2/cw/home/portable/armgcc/bin/../lib/gcc/arm-none-eabi/10.2.1/../../../../arm-none-eabi/lib/thumb/v7e-m/nofp\libnosys.a
END GROUP
LOAD c:/chipwh~2/cw/home/portable/armgcc/bin/../lib/gcc/arm-none-eabi/10.2.1/thumb/v7e-m/nofp/crtend.o
LOAD c:/chipwh~2/cw/home/portable/armgcc/bin/../lib/gcc/arm-none-eabi/10.2.1/thumb/v7e-m/nofp/crtn.o
                0x00001000                __stack_size__ = DEFINED (__stack_size__)?__stack_size__:0x1000
                0x2000fffc                __ram_end__ = ((ORIGIN (ram) + LENGTH (ram)) - 0x4)

.text           0x00400000      0xe30
                0x00400000                . = ALIGN (0x4)
                0x00400000                _sfixed = .
 *(.vectors .vectors.*)
 .vectors       0x00400000       0xcc objdir-CW308_SAM4S/startup_sam4s.o
                0x00400000                exception_table
 *(.text .text.* .gnu.linkonce.t.*)
 .text          0x004000cc       0x40 c:/chipwh~2/cw/home/portable/armgcc/bin/../lib/gcc/arm-none-eabi/10.2.1/thumb/v7e-m/nofp/crtbegin.o
 .text.get_pt   0x0040010c       0x44 objdir-CW308_SAM4S/simpleserial-aes.o
                0x0040010c                get_pt
 .text.aes      0x00400150       0x68 objdir-CW308_SAM4S/simpleserial-aes.o
                0x00400150                aes
 .text.startup.main
                0x004001b8       0x8c objdir-CW308_SAM4S/simpleserial-aes.o
                0x004001b8                main
 .text.ss_crc   0x00400244       0x2a objdir-CW308_SAM4S/simpleserial.o
                0x00400244                ss_crc
 .text.stuff_data
                0x0040026e       0x22 objdir-CW308_SAM4S/simpleserial.o
                0x0040026e                stuff_data
 .text.unstuff_data
                0x00400290       0x1e objdir-CW308_SAM4S/simpleserial.o
                0x00400290                unstuff_data
 *fill*         0x004002ae        0x2 
 .text.simpleserial_addcmd
                0x004002b0       0x40 objdir-CW308_SAM4S/simpleserial.o
                0x004002b0                simpleserial_addcmd
 .text.simpleserial_init
                0x004002f0       0x28 objdir-CW308_SAM4S/simpleserial.o
                0x004002f0                simpleserial_init
 .text.simpleserial_put
                0x00400318       0x68 objdir-CW308_SAM4S/simpleserial.o
                0x00400318                simpleserial_put
 .text.check_version
                0x00400380       0x20 objdir-CW308_SAM4S/simpleserial.o
                0x00400380                check_version
 .text.ss_get_commands
                0x004003a0       0x40 objdir-CW308_SAM4S/simpleserial.o
                0x004003a0                ss_get_commands
 .text.simpleserial_get
                0x004003e0       0xfc objdir-CW308_SAM4S/simpleserial.o
                0x004003e0                simpleserial_get
 .text.Dummy_Handler
                0x004004dc        0x2 objdir-CW308_SAM4S/startup_sam4s.o
                0x004004dc                DACC_Handler
                0x004004dc                DebugMon_Handler
                0x004004dc                HardFault_Handler
                0x004004dc                TC2_Handler
                0x004004dc                SPI_Handler
                0x004004dc                SysTick_Handler
                0x004004dc                TWI1_Handler
                0x004004dc                PendSV_Handler
                0x004004dc                NMI_Handler
                0x004004dc                ADC_Handler
                0x004004dc                CRCCU_Handler
                0x004004dc                USART0_Handler
                0x004004dc                RTT_Handler
                0x004004dc                PIOB_Handler
                0x004004dc                RTC_Handler
                0x004004dc                UsageFault_Handler
                0x004004dc                WDT_Handler
                0x004004dc                TC1_Handler
                0x004004dc                HSMCI_Handler
                0x004004dc                UART1_Handler
                0x004004dc                Dummy_Handler
                0x004004dc                TWI0_Handler
                0x004004dc                USART1_Handler
                0x004004dc                PIOA_Handler
                0x004004dc                SSC_Handler
                0x004004dc                EFC0_Handler
                0x004004dc                ACC_Handler
                0x004004dc                PMC_Handler
                0x004004dc                PWM_Handler
                0x004004dc                MemManage_Handler
                0x004004dc                SUPC_Handler
                0x004004dc                SVC_Handler
                0x004004dc                UART0_Handler
                0x004004dc                UDP_Handler
                0x004004dc                BusFault_Handler
                0x004004dc                RSTC_Handler
                0x004004dc                TC0_Handler
 *fill*         0x004004de        0x2 
 .text.Reset_Handler
                0x004004e0       0x94 objdir-CW308_SAM4S/startup_sam4s.o
                0x004004e0                Reset_Handler
 .text.platform_init
                0x00400574       0xcc objdir-CW308_SAM4S/sam4s_hal.o
                0x00400574                platform_init
 .text.init_uart
                0x00400640       0x64 objdir-CW308_SAM4S/sam4s_hal.o
                0x00400640                init_uart
 .text.putch    0x004006a4       0x1c objdir-CW308_SAM4S/sam4s_hal.o
                0x004006a4                putch
 .text.getch    0x004006c0       0x24 objdir-CW308_SAM4S/sam4s_hal.o
                0x004006c0                getch
 .text.trigger_setup
                0x004006e4       0x20 objdir-CW308_SAM4S/sam4s_hal.o
                0x004006e4                trigger_setup
 .text.trigger_low
                0x00400704       0x20 objdir-CW308_SAM4S/sam4s_hal.o
                0x00400704                trigger_low
 .text.trigger_high
                0x00400724       0x20 objdir-CW308_SAM4S/sam4s_hal.o
                0x00400724                trigger_high
 .text.uart_init
                0x00400744       0x34 objdir-CW308_SAM4S/uart.o
                0x00400744                uart_init
 .text.uart_enable_tx
                0x00400778        0x6 objdir-CW308_SAM4S/uart.o
                0x00400778                uart_enable_tx
 .text.uart_enable_rx
                0x0040077e        0x6 objdir-CW308_SAM4S/uart.o
                0x0040077e                uart_enable_rx
 .text.uart_write
                0x00400784        0xe objdir-CW308_SAM4S/uart.o
                0x00400784                uart_write
 .text.uart_read
                0x00400792       0x10 objdir-CW308_SAM4S/uart.o
                0x00400792                uart_read
 .text.pio_set_peripheral
                0x004007a2       0x6e objdir-CW308_SAM4S/pio.o
                0x004007a2                pio_set_peripheral
 .text.pio_set_input
                0x00400810       0x2c objdir-CW308_SAM4S/pio.o
                0x00400810                pio_set_input
 .text.pio_set_output
                0x0040083c       0x24 objdir-CW308_SAM4S/pio.o
                0x0040083c                pio_set_output
 .text.pio_set_pin_high
                0x00400860       0x1a objdir-CW308_SAM4S/pio.o
                0x00400860                pio_set_pin_high
 .text.pio_set_pin_low
                0x0040087a       0x1a objdir-CW308_SAM4S/pio.o
                0x0040087a                pio_set_pin_low
 .text.pio_configure_pin
                0x00400894       0xac objdir-CW308_SAM4S/pio.o
                0x00400894                pio_configure_pin
 .text.SystemCoreClockUpdate
                0x00400940       0xcc objdir-CW308_SAM4S/system_sam4s.o
                0x00400940                SystemCoreClockUpdate
 .text.system_init_flash
                0x00400a0c       0x64 objdir-CW308_SAM4S/system_sam4s.o
                0x00400a0c                system_init_flash
 .text.pmc_switch_mck_to_sclk
                0x00400a70       0x40 objdir-CW308_SAM4S/pmc.o
                0x00400a70                pmc_switch_mck_to_sclk
 .text.pmc_enable_periph_clk
                0x00400ab0       0x40 objdir-CW308_SAM4S/pmc.o
                0x00400ab0                pmc_enable_periph_clk
 .text.pmc_set_writeprotect
                0x00400af0       0x1c objdir-CW308_SAM4S/pmc.o
                0x00400af0                pmc_set_writeprotect
 .text.KeyExpansion
                0x00400b0c       0xb4 objdir-CW308_SAM4S/aes.o
 .text.AddRoundKey
                0x00400bc0       0x38 objdir-CW308_SAM4S/aes.o
 .text.SubBytes
                0x00400bf8       0x2c objdir-CW308_SAM4S/aes.o
 .text.ShiftRows
                0x00400c24       0x3c objdir-CW308_SAM4S/aes.o
 .text.xtime    0x00400c60       0x12 objdir-CW308_SAM4S/aes.o
 *fill*         0x00400c72        0x2 
 .text.Cipher   0x00400c74       0xac objdir-CW308_SAM4S/aes.o
 .text.BlockCopy
                0x00400d20       0x14 objdir-CW308_SAM4S/aes.o
 .text.AES128_ECB_indp_setkey
                0x00400d34       0x10 objdir-CW308_SAM4S/aes.o
                0x00400d34                AES128_ECB_indp_setkey
 .text.AES128_ECB_indp_crypto
                0x00400d44       0x28 objdir-CW308_SAM4S/aes.o
                0x00400d44                AES128_ECB_indp_crypto
 .text.aes_indep_init
                0x00400d6c        0x2 objdir-CW308_SAM4S/aes-independant.o
                0x00400d6c                aes_indep_init
 *fill*         0x00400d6e        0x2 
 .text.aes_indep_key
                0x00400d70        0x8 objdir-CW308_SAM4S/aes-independant.o
                0x00400d70                aes_indep_key
 .text.aes_indep_enc
                0x00400d78        0x8 objdir-CW308_SAM4S/aes-independant.o
                0x00400d78                aes_indep_enc
 .text.aes_indep_enc_pretrigger
                0x00400d80        0x2 objdir-CW308_SAM4S/aes-independant.o
                0x00400d80                aes_indep_enc_pretrigger
 .text.aes_indep_enc_posttrigger
                0x00400d82        0x2 objdir-CW308_SAM4S/aes-independant.o
                0x00400d82                aes_indep_enc_posttrigger
 .text.aes_indep_mask
                0x00400d84        0x2 objdir-CW308_SAM4S/aes-independant.o
                0x00400d84                aes_indep_mask
 *fill*         0x00400d86        0x2 
 .text.__libc_init_array
                0x00400d88       0x48 c:/chipwh~2/cw/home/portable/armgcc/bin/../lib/gcc/arm-none-eabi/10.2.1/../../../../arm-none-eabi/lib/thumb/v7e-m/nofp\libg_nano.a(lib_a-init.o)
                0x00400d88                __libc_init_array
 .text.memcpy   0x00400dd0       0x1c c:/chipwh~2/cw/home/portable/armgcc/bin/../lib/gcc/arm-none-eabi/10.2.1/../../../../arm-none-eabi/lib/thumb/v7e-m/nofp\libg_nano.a(lib_a-memcpy-stub.o)
                0x00400dd0                memcpy
 .text.memset   0x00400dec       0x10 c:/chipwh~2/cw/home/portable/armgcc/bin/../lib/gcc/arm-none-eabi/10.2.1/../../../../arm-none-eabi/lib/thumb/v7e-m/nofp\libg_nano.a(lib_a-memset.o)
                0x00400dec                memset
 *(.glue_7t)
 .glue_7t       0x00400dfc        0x0 linker stubs
 *(.glue_7)
 .glue_7        0x00400dfc        0x0 linker stubs
 *(.rodata .rodata* .gnu.linkonce.r.*)
 .rodata.main.str1.1
                0x00400dfc       0x11 objdir-CW308_SAM4S/simpleserial-aes.o
 *(.ARM.extab* .gnu.linkonce.armextab.*)
                0x00400e10                . = ALIGN (0x4)
 *fill*         0x00400e0d        0x3 
 *(.init)
 .init          0x00400e10        0x4 c:/chipwh~2/cw/home/portable/armgcc/bin/../lib/gcc/arm-none-eabi/10.2.1/thumb/v7e-m/nofp/crti.o
                0x00400e10                _init
 .init          0x00400e14        0x8 c:/chipwh~2/cw/home/portable/armgcc/bin/../lib/gcc/arm-none-eabi/10.2.1/thumb/v7e-m/nofp/crtn.o
                0x00400e1c                . = ALIGN (0x4)
                0x00400e1c                __preinit_array_start = .
 *(.preinit_array)
                0x00400e1c                __preinit_array_end = .
                0x00400e1c                . = ALIGN (0x4)
                0x00400e1c                __init_array_start = .
 *(SORT_BY_NAME(.init_array.*))
 *(.init_array)
 .init_array    0x00400e1c        0x4 c:/chipwh~2/cw/home/portable/armgcc/bin/../lib/gcc/arm-none-eabi/10.2.1/thumb/v7e-m/nofp/crtbegin.o
                0x00400e20                __init_array_end = .
                0x00400e20                . = ALIGN (0x4)
 *crtbegin.o(.ctors)
 *(EXCLUDE_FILE(*crtend.o) .ctors)
 *(SORT_BY_NAME(.ctors.*))
 *crtend.o(.ctors)
                0x00400e20                . = ALIGN (0x4)
 *(.fini)
 .fini          0x00400e20        0x4 c:/chipwh~2/cw/home/portable/armgcc/bin/../lib/gcc/arm-none-eabi/10.2.1/thumb/v7e-m/nofp/crti.o
                0x00400e20                _fini
 .fini          0x00400e24        0x8 c:/chipwh~2/cw/home/portable/armgcc/bin/../lib/gcc/arm-none-eabi/10.2.1/thumb/v7e-m/nofp/crtn.o
                0x00400e2c                . = ALIGN (0x4)
                0x00400e2c                __fini_array_start = .
 *(.fini_array)
 .fini_array    0x00400e2c        0x4 c:/chipwh~2/cw/home/portable/armgcc/bin/../lib/gcc/arm-none-eabi/10.2.1/thumb/v7e-m/nofp/crtbegin.o
 *(SORT_BY_NAME(.fini_array.*))
                0x00400e30                __fini_array_end = .
 *crtbegin.o(.dtors)
 *(EXCLUDE_FILE(*crtend.o) .dtors)
 *(SORT_BY_NAME(.dtors.*))
 *crtend.o(.dtors)
                0x00400e30                . = ALIGN (0x4)
                0x00400e30                _efixed = .
                [!provide]                PROVIDE (__exidx_start = .)

.vfp11_veneer   0x00400e30        0x0
 .vfp11_veneer  0x00400e30        0x0 linker stubs

.v4_bx          0x00400e30        0x0
 .v4_bx         0x00400e30        0x0 linker stubs

.iplt           0x00400e30        0x0
 .iplt          0x00400e30        0x0 c:/chipwh~2/cw/home/portable/armgcc/bin/../lib/gcc/arm-none-eabi/10.2.1/thumb/v7e-m/nofp/crtbegin.o

.igot.plt       0x00400e30        0x0
 .igot.plt      0x00400e30        0x0 c:/chipwh~2/cw/home/portable/armgcc/bin/../lib/gcc/arm-none-eabi/10.2.1/thumb/v7e-m/nofp/crtbegin.o

.eh_frame       0x00400e30        0x0
 .eh_frame      0x00400e30        0x0 c:/chipwh~2/cw/home/portable/armgcc/bin/../lib/gcc/arm-none-eabi/10.2.1/thumb/v7e-m/nofp/crtbegin.o

.rel.dyn        0x00400e30        0x0
 .rel.iplt      0x00400e30        0x0 c:/chipwh~2/cw/home/portable/armgcc/bin/../lib/gcc/arm-none-eabi/10.2.1/thumb/v7e-m/nofp/crtbegin.o

.ARM.exidx
 *(.ARM.exidx* .gnu.linkonce.armexidx.*)
                [!provide]                PROVIDE (__exidx_end = .)
                0x00400e30                . = ALIGN (0x4)
                0x00400e30                _etext = .

.relocate       0x20000000      0x110 load address 0x00400e30
                0x20000000                . = ALIGN (0x4)
                0x20000000                _srelocate = .
 *(.ramfunc .ramfunc.*)
 *(.data .data.*)
 .data.SystemCoreClock
                0x20000000        0x4 objdir-CW308_SAM4S/system_sam4s.o
                0x20000000                SystemCoreClock
 .data.Rcon     0x20000004        0xb objdir-CW308_SAM4S/aes.o
                0x20000004                Rcon
 .data.sbox     0x2000000f      0x100 objdir-CW308_SAM4S/aes.o
                0x2000000f                sbox
                0x20000110                . = ALIGN (0x4)
 *fill*         0x2000010f        0x1 
                0x20000110                _erelocate = .

.bss            0x20000110      0x1a8 load address 0x00400f40
                0x20000110                . = ALIGN (0x4)
                0x20000110                _sbss = .
                0x20000110                _szero = .
 *(.bss .bss.*)
 .bss           0x20000110       0x1c c:/chipwh~2/cw/home/portable/armgcc/bin/../lib/gcc/arm-none-eabi/10.2.1/thumb/v7e-m/nofp/crtbegin.o
 .bss.commands  0x2000012c       0xc0 objdir-CW308_SAM4S/simpleserial.o
 .bss.num_commands
                0x200001ec        0x4 objdir-CW308_SAM4S/simpleserial.o
 .bss.Key       0x200001f0        0x4 objdir-CW308_SAM4S/aes.o
 .bss.RoundKey  0x200001f4       0xb0 objdir-CW308_SAM4S/aes.o
 .bss.input_save
                0x200002a4       0x10 objdir-CW308_SAM4S/aes.o
 .bss.state     0x200002b4        0x4 objdir-CW308_SAM4S/aes.o
 *(COMMON)
                0x200002b8                . = ALIGN (0x4)
                0x200002b8                _ebss = .
                0x200002b8                _ezero = .

.stack          0x200002b8     0x1000 load address 0x004010e8
                0x200002b8                . = ALIGN (0x8)
                0x200002b8                _sstack = .
                0x200012b8                . = (. + __stack_size__)
 *fill*         0x200002b8     0x1000 
                0x200012b8                . = ALIGN (0x8)
                0x200012b8                _estack = .

.mpssemem
 *(.mpssemem)
                0x200012b8                . = ALIGN (0x4)
                0x200012b8                end = .
                0x200012b8                _end = .
OUTPUT(simpleserial-aes-CW308_SAM4S.elf elf32-littlearm)
LOAD linker stubs

.ARM.attributes
                0x00000000       0x2a
 .ARM.attributes
                0x00000000       0x1e c:/chipwh~2/cw/home/portable/armgcc/bin/../lib/gcc/arm-none-eabi/10.2.1/thumb/v7e-m/nofp/crti.o
 .ARM.attributes
                0x0000001e       0x2e c:/chipwh~2/cw/home/portable/armgcc/bin/../lib/gcc/arm-none-eabi/10.2.1/thumb/v7e-m/nofp/crtbegin.o
 .ARM.attributes
                0x0000004c       0x2e objdir-CW308_SAM4S/simpleserial-aes.o
 .ARM.attributes
                0x0000007a       0x2e objdir-CW308_SAM4S/simpleserial.o
 .ARM.attributes
                0x000000a8       0x2e objdir-CW308_SAM4S/startup_sam4s.o
 .ARM.attributes
                0x000000d6       0x2e objdir-CW308_SAM4S/sam4s_hal.o
 .ARM.attributes
                0x00000104       0x2e objdir-CW308_SAM4S/uart.o
 .ARM.attributes
                0x00000132       0x2e objdir-CW308_SAM4S/pio.o
 .ARM.attributes
                0x00000160       0x2e objdir-CW308_SAM4S/system_sam4s.o
 .ARM.attributes
                0x0000018e       0x2e objdir-CW308_SAM4S/pmc.o
 .ARM.attributes
                0x000001bc       0x2e objdir-CW308_SAM4S/aes.o
 .ARM.attributes
                0x000001ea       0x2e objdir-CW308_SAM4S/aes-independant.o
 .ARM.attributes
                0x00000218       0x2e c:/chipwh~2/cw/home/portable/armgcc/bin/../lib/gcc/arm-none-eabi/10.2.1/../../../../arm-none-eabi/lib/thumb/v7e-m/nofp\libg_nano.a(lib_a-init.o)
 .ARM.attributes
                0x00000246       0x2e c:/chipwh~2/cw/home/portable/armgcc/bin/../lib/gcc/arm-none-eabi/10.2.1/../../../../arm-none-eabi/lib/thumb/v7e-m/nofp\libg_nano.a(lib_a-memcpy-stub.o)
 .ARM.attributes
                0x00000274       0x2e c:/chipwh~2/cw/home/portable/armgcc/bin/../lib/gcc/arm-none-eabi/10.2.1/../../../../arm-none-eabi/lib/thumb/v7e-m/nofp\libg_nano.a(lib_a-memset.o)
 .ARM.attributes
                0x000002a2       0x1e c:/chipwh~2/cw/home/portable/armgcc/bin/../lib/gcc/arm-none-eabi/10.2.1/thumb/v7e-m/nofp/crtn.o

.comment        0x00000000       0x4d
 .comment       0x00000000       0x4d objdir-CW308_SAM4S/simpleserial-aes.o
                                 0x4e (size before relaxing)
 .comment       0x0000004d       0x4e objdir-CW308_SAM4S/simpleserial.o
 .comment       0x0000004d       0x4e objdir-CW308_SAM4S/startup_sam4s.o
 .comment       0x0000004d       0x4e objdir-CW308_SAM4S/sam4s_hal.o
 .comment       0x0000004d       0x4e objdir-CW308_SAM4S/uart.o
 .comment       0x0000004d       0x4e objdir-CW308_SAM4S/pio.o
 .comment       0x0000004d       0x4e objdir-CW308_SAM4S/system_sam4s.o
 .comment       0x0000004d       0x4e objdir-CW308_SAM4S/pmc.o
 .comment       0x0000004d       0x4e objdir-CW308_SAM4S/aes.o
 .comment       0x0000004d       0x4e objdir-CW308_SAM4S/aes-independant.o

.debug_info     0x00000000     0x66f9
 .debug_info    0x00000000      0x7d3 objdir-CW308_SAM4S/simpleserial-aes.o
 .debug_info    0x000007d3      0x8d1 objdir-CW308_SAM4S/simpleserial.o
 .debug_info    0x000010a4      0x72c objdir-CW308_SAM4S/startup_sam4s.o
 .debug_info    0x000017d0      0xae7 objdir-CW308_SAM4S/sam4s_hal.o
 .debug_info    0x000022b7      0x8bf objdir-CW308_SAM4S/uart.o
 .debug_info    0x00002b76     0x18b9 objdir-CW308_SAM4S/pio.o
 .debug_info    0x0000442f      0x463 objdir-CW308_SAM4S/system_sam4s.o
 .debug_info    0x00004892     0x1264 objdir-CW308_SAM4S/pmc.o
 .debug_info    0x00005af6      0xa14 objdir-CW308_SAM4S/aes.o
 .debug_info    0x0000650a      0x1ef objdir-CW308_SAM4S/aes-independant.o

.debug_abbrev   0x00000000     0x161a
 .debug_abbrev  0x00000000      0x22a objdir-CW308_SAM4S/simpleserial-aes.o
 .debug_abbrev  0x0000022a      0x25d objdir-CW308_SAM4S/simpleserial.o
 .debug_abbrev  0x00000487      0x1cb objdir-CW308_SAM4S/startup_sam4s.o
 .debug_abbrev  0x00000652      0x237 objdir-CW308_SAM4S/sam4s_hal.o
 .debug_abbrev  0x00000889      0x21f objdir-CW308_SAM4S/uart.o
 .debug_abbrev  0x00000aa8      0x357 objdir-CW308_SAM4S/pio.o
 .debug_abbrev  0x00000dff      0x11f objdir-CW308_SAM4S/system_sam4s.o
 .debug_abbrev  0x00000f1e      0x2a8 objdir-CW308_SAM4S/pmc.o
 .debug_abbrev  0x000011c6      0x30d objdir-CW308_SAM4S/aes.o
 .debug_abbrev  0x000014d3      0x147 objdir-CW308_SAM4S/aes-independant.o

.debug_loc      0x00000000     0x32e1
 .debug_loc     0x00000000      0x3fb objdir-CW308_SAM4S/simpleserial-aes.o
 .debug_loc     0x000003fb      0x8f2 objdir-CW308_SAM4S/simpleserial.o
 .debug_loc     0x00000ced       0x51 objdir-CW308_SAM4S/startup_sam4s.o
 .debug_loc     0x00000d3e      0x1d1 objdir-CW308_SAM4S/sam4s_hal.o
 .debug_loc     0x00000f0f      0x246 objdir-CW308_SAM4S/uart.o
 .debug_loc     0x00001155      0xe03 objdir-CW308_SAM4S/pio.o
 .debug_loc     0x00001f58       0x20 objdir-CW308_SAM4S/system_sam4s.o
 .debug_loc     0x00001f78      0xa89 objdir-CW308_SAM4S/pmc.o
 .debug_loc     0x00002a01      0x896 objdir-CW308_SAM4S/aes.o
 .debug_loc     0x00003297       0x4a objdir-CW308_SAM4S/aes-independant.o

.debug_aranges  0x00000000      0x6a8
 .debug_aranges
                0x00000000       0x58 objdir-CW308_SAM4S/simpleserial-aes.o
 .debug_aranges
                0x00000058       0x70 objdir-CW308_SAM4S/simpleserial.o
 .debug_aranges
                0x000000c8       0x28 objdir-CW308_SAM4S/startup_sam4s.o
 .debug_aranges
                0x000000f0       0x50 objdir-CW308_SAM4S/sam4s_hal.o
 .debug_aranges
                0x00000140       0xe0 objdir-CW308_SAM4S/uart.o
 .debug_aranges
                0x00000220      0x190 objdir-CW308_SAM4S/pio.o
 .debug_aranges
                0x000003b0       0x30 objdir-CW308_SAM4S/system_sam4s.o
 .debug_aranges
                0x000003e0      0x208 objdir-CW308_SAM4S/pmc.o
 .debug_aranges
                0x000005e8       0x80 objdir-CW308_SAM4S/aes.o
 .debug_aranges
                0x00000668       0x40 objdir-CW308_SAM4S/aes-independant.o

.debug_ranges   0x00000000      0x970
 .debug_ranges  0x00000000       0xb0 objdir-CW308_SAM4S/simpleserial-aes.o
 .debug_ranges  0x000000b0      0x178 objdir-CW308_SAM4S/simpleserial.o
 .debug_ranges  0x00000228       0x18 objdir-CW308_SAM4S/startup_sam4s.o
 .debug_ranges  0x00000240       0x78 objdir-CW308_SAM4S/sam4s_hal.o
 .debug_ranges  0x000002b8       0xd0 objdir-CW308_SAM4S/uart.o
 .debug_ranges  0x00000388      0x210 objdir-CW308_SAM4S/pio.o
 .debug_ranges  0x00000598       0x20 objdir-CW308_SAM4S/system_sam4s.o
 .debug_ranges  0x000005b8      0x240 objdir-CW308_SAM4S/pmc.o
 .debug_ranges  0x000007f8      0x148 objdir-CW308_SAM4S/aes.o
 .debug_ranges  0x00000940       0x30 objdir-CW308_SAM4S/aes-independant.o

.debug_macro    0x00000000     0xfedf
 .debug_macro   0x00000000      0x150 objdir-CW308_SAM4S/simpleserial-aes.o
 .debug_macro   0x00000150      0xae4 objdir-CW308_SAM4S/simpleserial-aes.o
 .debug_macro   0x00000c34       0x22 objdir-CW308_SAM4S/simpleserial-aes.o
 .debug_macro   0x00000c56       0x8e objdir-CW308_SAM4S/simpleserial-aes.o
 .debug_macro   0x00000ce4       0x51 objdir-CW308_SAM4S/simpleserial-aes.o
 .debug_macro   0x00000d35      0x103 objdir-CW308_SAM4S/simpleserial-aes.o
 .debug_macro   0x00000e38       0x6a objdir-CW308_SAM4S/simpleserial-aes.o
 .debug_macro   0x00000ea2      0x1df objdir-CW308_SAM4S/simpleserial-aes.o
 .debug_macro   0x00001081       0x10 objdir-CW308_SAM4S/simpleserial-aes.o
 .debug_macro   0x00001091      0x184 objdir-CW308_SAM4S/simpleserial-aes.o
 .debug_macro   0x00001215       0x12 objdir-CW308_SAM4S/simpleserial-aes.o
 .debug_macro   0x00001227       0x22 objdir-CW308_SAM4S/simpleserial-aes.o
 .debug_macro   0x00001249       0x18 objdir-CW308_SAM4S/simpleserial-aes.o
 .debug_macro   0x00001261       0x64 objdir-CW308_SAM4S/simpleserial-aes.o
 .debug_macro   0x000012c5       0x35 objdir-CW308_SAM4S/simpleserial-aes.o
 .debug_macro   0x000012fa       0x34 objdir-CW308_SAM4S/simpleserial-aes.o
 .debug_macro   0x0000132e       0x16 objdir-CW308_SAM4S/simpleserial-aes.o
 .debug_macro   0x00001344      0x10e objdir-CW308_SAM4S/simpleserial-aes.o
 .debug_macro   0x00001452       0x86 objdir-CW308_SAM4S/simpleserial-aes.o
 .debug_macro   0x000014d8       0x16 objdir-CW308_SAM4S/simpleserial-aes.o
 .debug_macro   0x000014ee       0x43 objdir-CW308_SAM4S/simpleserial-aes.o
 .debug_macro   0x00001531       0x34 objdir-CW308_SAM4S/simpleserial-aes.o
 .debug_macro   0x00001565       0x10 objdir-CW308_SAM4S/simpleserial-aes.o
 .debug_macro   0x00001575       0x58 objdir-CW308_SAM4S/simpleserial-aes.o
 .debug_macro   0x000015cd      0x182 objdir-CW308_SAM4S/simpleserial-aes.o
 .debug_macro   0x0000174f      0x356 objdir-CW308_SAM4S/simpleserial-aes.o
 .debug_macro   0x00001aa5       0x16 objdir-CW308_SAM4S/simpleserial-aes.o
 .debug_macro   0x00001abb       0x29 objdir-CW308_SAM4S/simpleserial-aes.o
 .debug_macro   0x00001ae4       0x9d objdir-CW308_SAM4S/simpleserial.o
 .debug_macro   0x00001b81       0x1c objdir-CW308_SAM4S/simpleserial.o
 .debug_macro   0x00001b9d      0x2df objdir-CW308_SAM4S/startup_sam4s.o
 .debug_macro   0x00001e7c       0x27 objdir-CW308_SAM4S/startup_sam4s.o
 .debug_macro   0x00001ea3       0x3b objdir-CW308_SAM4S/startup_sam4s.o
 .debug_macro   0x00001ede       0x2d objdir-CW308_SAM4S/startup_sam4s.o
 .debug_macro   0x00001f0b       0x26 objdir-CW308_SAM4S/startup_sam4s.o
 .debug_macro   0x00001f31      0xbbf objdir-CW308_SAM4S/startup_sam4s.o
 .debug_macro   0x00002af0      0x154 objdir-CW308_SAM4S/startup_sam4s.o
 .debug_macro   0x00002c44      0xaa5 objdir-CW308_SAM4S/startup_sam4s.o
 .debug_macro   0x000036e9      0x1b4 objdir-CW308_SAM4S/startup_sam4s.o
 .debug_macro   0x0000389d       0xac objdir-CW308_SAM4S/startup_sam4s.o
 .debug_macro   0x00003949      0x3f7 objdir-CW308_SAM4S/startup_sam4s.o
 .debug_macro   0x00003d40      0x106 objdir-CW308_SAM4S/startup_sam4s.o
 .debug_macro   0x00003e46       0x1c objdir-CW308_SAM4S/startup_sam4s.o
 .debug_macro   0x00003e62      0x72f objdir-CW308_SAM4S/startup_sam4s.o
 .debug_macro   0x00004591      0x2c9 objdir-CW308_SAM4S/startup_sam4s.o
 .debug_macro   0x0000485a       0xbe objdir-CW308_SAM4S/startup_sam4s.o
 .debug_macro   0x00004918     0x2807 objdir-CW308_SAM4S/startup_sam4s.o
 .debug_macro   0x0000711f      0x76e objdir-CW308_SAM4S/startup_sam4s.o
 .debug_macro   0x0000788d      0xa84 objdir-CW308_SAM4S/startup_sam4s.o
 .debug_macro   0x00008311       0x9a objdir-CW308_SAM4S/startup_sam4s.o
 .debug_macro   0x000083ab      0x3cf objdir-CW308_SAM4S/startup_sam4s.o
 .debug_macro   0x0000877a       0x64 objdir-CW308_SAM4S/startup_sam4s.o
 .debug_macro   0x000087de      0x37c objdir-CW308_SAM4S/startup_sam4s.o
 .debug_macro   0x00008b5a      0x61b objdir-CW308_SAM4S/startup_sam4s.o
 .debug_macro   0x00009175      0x686 objdir-CW308_SAM4S/startup_sam4s.o
 .debug_macro   0x000097fb      0x595 objdir-CW308_SAM4S/startup_sam4s.o
 .debug_macro   0x00009d90      0x344 objdir-CW308_SAM4S/startup_sam4s.o
 .debug_macro   0x0000a0d4      0x283 objdir-CW308_SAM4S/startup_sam4s.o
 .debug_macro   0x0000a357      0x2cd objdir-CW308_SAM4S/startup_sam4s.o
 .debug_macro   0x0000a624      0x6cf objdir-CW308_SAM4S/startup_sam4s.o
 .debug_macro   0x0000acf3       0x76 objdir-CW308_SAM4S/startup_sam4s.o
 .debug_macro   0x0000ad69       0xb8 objdir-CW308_SAM4S/startup_sam4s.o
 .debug_macro   0x0000ae21       0xb2 objdir-CW308_SAM4S/startup_sam4s.o
 .debug_macro   0x0000aed3       0x88 objdir-CW308_SAM4S/startup_sam4s.o
 .debug_macro   0x0000af5b      0x100 objdir-CW308_SAM4S/startup_sam4s.o
 .debug_macro   0x0000b05b       0x88 objdir-CW308_SAM4S/startup_sam4s.o
 .debug_macro   0x0000b0e3       0x88 objdir-CW308_SAM4S/startup_sam4s.o
 .debug_macro   0x0000b16b      0x2cd objdir-CW308_SAM4S/startup_sam4s.o
 .debug_macro   0x0000b438       0xb2 objdir-CW308_SAM4S/startup_sam4s.o
 .debug_macro   0x0000b4ea       0xb2 objdir-CW308_SAM4S/startup_sam4s.o
 .debug_macro   0x0000b59c       0x52 objdir-CW308_SAM4S/startup_sam4s.o
 .debug_macro   0x0000b5ee       0xac objdir-CW308_SAM4S/startup_sam4s.o
 .debug_macro   0x0000b69a       0x7c objdir-CW308_SAM4S/startup_sam4s.o
 .debug_macro   0x0000b716       0x40 objdir-CW308_SAM4S/startup_sam4s.o
 .debug_macro   0x0000b756       0x64 objdir-CW308_SAM4S/startup_sam4s.o
 .debug_macro   0x0000b7ba       0x4c objdir-CW308_SAM4S/startup_sam4s.o
 .debug_macro   0x0000b806       0xa6 objdir-CW308_SAM4S/startup_sam4s.o
 .debug_macro   0x0000b8ac       0x7c objdir-CW308_SAM4S/startup_sam4s.o
 .debug_macro   0x0000b928       0x16 objdir-CW308_SAM4S/startup_sam4s.o
 .debug_macro   0x0000b93e       0x7c objdir-CW308_SAM4S/startup_sam4s.o
 .debug_macro   0x0000b9ba       0x22 objdir-CW308_SAM4S/startup_sam4s.o
 .debug_macro   0x0000b9dc      0x18b objdir-CW308_SAM4S/startup_sam4s.o
 .debug_macro   0x0000bb67      0x15b objdir-CW308_SAM4S/startup_sam4s.o
 .debug_macro   0x0000bcc2       0x1c objdir-CW308_SAM4S/startup_sam4s.o
 .debug_macro   0x0000bcde       0x2e objdir-CW308_SAM4S/startup_sam4s.o
 .debug_macro   0x0000bd0c       0x22 objdir-CW308_SAM4S/startup_sam4s.o
 .debug_macro   0x0000bd2e       0x1c objdir-CW308_SAM4S/startup_sam4s.o
 .debug_macro   0x0000bd4a       0x52 objdir-CW308_SAM4S/startup_sam4s.o
 .debug_macro   0x0000bd9c       0x10 objdir-CW308_SAM4S/startup_sam4s.o
 .debug_macro   0x0000bdac      0x1e7 objdir-CW308_SAM4S/startup_sam4s.o
 .debug_macro   0x0000bf93      0x605 objdir-CW308_SAM4S/startup_sam4s.o
 .debug_macro   0x0000c598      0x107 objdir-CW308_SAM4S/startup_sam4s.o
 .debug_macro   0x0000c69f      0x598 objdir-CW308_SAM4S/sam4s_hal.o
 .debug_macro   0x0000cc37      0x6d7 objdir-CW308_SAM4S/sam4s_hal.o
 .debug_macro   0x0000d30e      0x16d objdir-CW308_SAM4S/sam4s_hal.o
 .debug_macro   0x0000d47b       0x76 objdir-CW308_SAM4S/sam4s_hal.o
 .debug_macro   0x0000d4f1       0x16 objdir-CW308_SAM4S/sam4s_hal.o
 .debug_macro   0x0000d507      0x6da objdir-CW308_SAM4S/sam4s_hal.o
 .debug_macro   0x0000dbe1       0x16 objdir-CW308_SAM4S/sam4s_hal.o
 .debug_macro   0x0000dbf7       0x35 objdir-CW308_SAM4S/sam4s_hal.o
 .debug_macro   0x0000dc2c       0x10 objdir-CW308_SAM4S/sam4s_hal.o
 .debug_macro   0x0000dc3c       0x10 objdir-CW308_SAM4S/sam4s_hal.o
 .debug_macro   0x0000dc4c       0x1c objdir-CW308_SAM4S/sam4s_hal.o
 .debug_macro   0x0000dc68       0x52 objdir-CW308_SAM4S/sam4s_hal.o
 .debug_macro   0x0000dcba       0x22 objdir-CW308_SAM4S/sam4s_hal.o
 .debug_macro   0x0000dcdc       0x10 objdir-CW308_SAM4S/sam4s_hal.o
 .debug_macro   0x0000dcec       0x40 objdir-CW308_SAM4S/sam4s_hal.o
 .debug_macro   0x0000dd2c       0xd5 objdir-CW308_SAM4S/sam4s_hal.o
 .debug_macro   0x0000de01       0x1c objdir-CW308_SAM4S/sam4s_hal.o
 .debug_macro   0x0000de1d       0x3d objdir-CW308_SAM4S/sam4s_hal.o
 .debug_macro   0x0000de5a       0x16 objdir-CW308_SAM4S/sam4s_hal.o
 .debug_macro   0x0000de70      0x16f objdir-CW308_SAM4S/sam4s_hal.o
 .debug_macro   0x0000dfdf       0x22 objdir-CW308_SAM4S/sam4s_hal.o
 .debug_macro   0x0000e001       0x73 objdir-CW308_SAM4S/sam4s_hal.o
 .debug_macro   0x0000e074       0x3e objdir-CW308_SAM4S/sam4s_hal.o
 .debug_macro   0x0000e0b2      0x3ca objdir-CW308_SAM4S/sam4s_hal.o
 .debug_macro   0x0000e47c      0x2cb objdir-CW308_SAM4S/sam4s_hal.o
 .debug_macro   0x0000e747       0x22 objdir-CW308_SAM4S/sam4s_hal.o
 .debug_macro   0x0000e769       0x58 objdir-CW308_SAM4S/sam4s_hal.o
 .debug_macro   0x0000e7c1       0x64 objdir-CW308_SAM4S/sam4s_hal.o
 .debug_macro   0x0000e825       0x46 objdir-CW308_SAM4S/sam4s_hal.o
 .debug_macro   0x0000e86b       0x16 objdir-CW308_SAM4S/sam4s_hal.o
 .debug_macro   0x0000e881       0x94 objdir-CW308_SAM4S/sam4s_hal.o
 .debug_macro   0x0000e915       0x1c objdir-CW308_SAM4S/sam4s_hal.o
 .debug_macro   0x0000e931       0xa4 objdir-CW308_SAM4S/sam4s_hal.o
 .debug_macro   0x0000e9d5       0x46 objdir-CW308_SAM4S/sam4s_hal.o
 .debug_macro   0x0000ea1b      0x4f4 objdir-CW308_SAM4S/uart.o
 .debug_macro   0x0000ef0f       0x16 objdir-CW308_SAM4S/uart.o
 .debug_macro   0x0000ef25      0x4fa objdir-CW308_SAM4S/pio.o
 .debug_macro   0x0000f41f       0x8e objdir-CW308_SAM4S/pio.o
 .debug_macro   0x0000f4ad      0x2e7 objdir-CW308_SAM4S/system_sam4s.o
 .debug_macro   0x0000f794      0x4fa objdir-CW308_SAM4S/pmc.o
 .debug_macro   0x0000fc8e       0x52 objdir-CW308_SAM4S/pmc.o
 .debug_macro   0x0000fce0      0x150 objdir-CW308_SAM4S/aes.o
 .debug_macro   0x0000fe30       0x10 objdir-CW308_SAM4S/aes.o
 .debug_macro   0x0000fe40       0x10 objdir-CW308_SAM4S/aes.o
 .debug_macro   0x0000fe50       0x8f objdir-CW308_SAM4S/aes-independant.o

.debug_line     0x00000000     0x6b57
 .debug_line    0x00000000      0x51c objdir-CW308_SAM4S/simpleserial-aes.o
 .debug_line    0x0000051c      0x74e objdir-CW308_SAM4S/simpleserial.o
 .debug_line    0x00000c6a      0x77b objdir-CW308_SAM4S/startup_sam4s.o
 .debug_line    0x000013e5      0xc45 objdir-CW308_SAM4S/sam4s_hal.o
 .debug_line    0x0000202a      0xbbd objdir-CW308_SAM4S/uart.o
 .debug_line    0x00002be7     0x1271 objdir-CW308_SAM4S/pio.o
 .debug_line    0x00003e58      0x82a objdir-CW308_SAM4S/system_sam4s.o
 .debug_line    0x00004682     0x1825 objdir-CW308_SAM4S/pmc.o
 .debug_line    0x00005ea7      0xa2b objdir-CW308_SAM4S/aes.o
 .debug_line    0x000068d2      0x285 objdir-CW308_SAM4S/aes-independant.o

.debug_str      0x00000000    0x4b8c3
 .debug_str     0x00000000     0x6e70 objdir-CW308_SAM4S/simpleserial-aes.o
                               0x706a (size before relaxing)
 .debug_str     0x00006e70      0x112 objdir-CW308_SAM4S/simpleserial.o
                               0x436d (size before relaxing)
 .debug_str     0x00006f82    0x34922 objdir-CW308_SAM4S/startup_sam4s.o
                              0x38779 (size before relaxing)
 .debug_str     0x0003b8a4     0xecfc objdir-CW308_SAM4S/sam4s_hal.o
                              0x49d8e (size before relaxing)
 .debug_str     0x0004a5a0      0x238 objdir-CW308_SAM4S/uart.o
                              0x484c0 (size before relaxing)
 .debug_str     0x0004a7d8      0x770 objdir-CW308_SAM4S/pio.o
                              0x48d22 (size before relaxing)
 .debug_str     0x0004af48       0xbd objdir-CW308_SAM4S/system_sam4s.o
                              0x3850c (size before relaxing)
 .debug_str     0x0004b005      0x65c objdir-CW308_SAM4S/pmc.o
                              0x48b80 (size before relaxing)
 .debug_str     0x0004b661      0x23d objdir-CW308_SAM4S/aes.o
                               0x6bab (size before relaxing)
 .debug_str     0x0004b89e       0x25 objdir-CW308_SAM4S/aes-independant.o
                               0x42ce (size before relaxing)

.debug_frame    0x00000000      0xf28
 .debug_frame   0x00000000       0xd0 objdir-CW308_SAM4S/simpleserial-aes.o
 .debug_frame   0x000000d0      0x15c objdir-CW308_SAM4S/simpleserial.o
 .debug_frame   0x0000022c       0x38 objdir-CW308_SAM4S/startup_sam4s.o
 .debug_frame   0x00000264       0xdc objdir-CW308_SAM4S/sam4s_hal.o
 .debug_frame   0x00000340      0x1b8 objdir-CW308_SAM4S/uart.o
 .debug_frame   0x000004f8      0x374 objdir-CW308_SAM4S/pio.o
 .debug_frame   0x0000086c       0x48 objdir-CW308_SAM4S/system_sam4s.o
 .debug_frame   0x000008b4      0x410 objdir-CW308_SAM4S/pmc.o
 .debug_frame   0x00000cc4      0x180 objdir-CW308_SAM4S/aes.o
 .debug_frame   0x00000e44       0x70 objdir-CW308_SAM4S/aes-independant.o
 .debug_frame   0x00000eb4       0x2c c:/chipwh~2/cw/home/portable/armgcc/bin/../lib/gcc/arm-none-eabi/10.2.1/../../../../arm-none-eabi/lib/thumb/v7e-m/nofp\libg_nano.a(lib_a-init.o)
 .debug_frame   0x00000ee0       0x28 c:/chipwh~2/cw/home/portable/armgcc/bin/../lib/gcc/arm-none-eabi/10.2.1/../../../../arm-none-eabi/lib/thumb/v7e-m/nofp\libg_nano.a(lib_a-memcpy-stub.o)
 .debug_frame   0x00000f08       0x20 c:/chipwh~2/cw/home/portable/armgcc/bin/../lib/gcc/arm-none-eabi/10.2.1/../../../../arm-none-eabi/lib/thumb/v7e-m/nofp\libg_nano.a(lib_a-memset.o)

Cross Reference Table

Symbol                                            File
ACC_Handler                                       objdir-CW308_SAM4S/startup_sam4s.o
ADC_Handler                                       objdir-CW308_SAM4S/startup_sam4s.o
AES128_ECB_decrypt                                objdir-CW308_SAM4S/aes.o
AES128_ECB_encrypt                                objdir-CW308_SAM4S/aes.o
AES128_ECB_indp_crypto                            objdir-CW308_SAM4S/aes.o
                                                  objdir-CW308_SAM4S/aes-independant.o
AES128_ECB_indp_setkey                            objdir-CW308_SAM4S/aes.o
                                                  objdir-CW308_SAM4S/aes-independant.o
BusFault_Handler                                  objdir-CW308_SAM4S/startup_sam4s.o
CRCCU_Handler                                     objdir-CW308_SAM4S/startup_sam4s.o
DACC_Handler                                      objdir-CW308_SAM4S/startup_sam4s.o
DebugMon_Handler                                  objdir-CW308_SAM4S/startup_sam4s.o
Dummy_Handler                                     objdir-CW308_SAM4S/startup_sam4s.o
EFC0_Handler                                      objdir-CW308_SAM4S/startup_sam4s.o
HSMCI_Handler                                     objdir-CW308_SAM4S/startup_sam4s.o
HardFault_Handler                                 objdir-CW308_SAM4S/startup_sam4s.o
MemManage_Handler                                 objdir-CW308_SAM4S/startup_sam4s.o
NMI_Handler                                       objdir-CW308_SAM4S/startup_sam4s.o
PIOA_Handler                                      objdir-CW308_SAM4S/startup_sam4s.o
PIOB_Handler                                      objdir-CW308_SAM4S/startup_sam4s.o
PMC_Handler                                       objdir-CW308_SAM4S/startup_sam4s.o
PWM_Handler                                       objdir-CW308_SAM4S/startup_sam4s.o
PendSV_Handler                                    objdir-CW308_SAM4S/startup_sam4s.o
RSTC_Handler                                      objdir-CW308_SAM4S/startup_sam4s.o
RTC_Handler                                       objdir-CW308_SAM4S/startup_sam4s.o
RTT_Handler                                       objdir-CW308_SAM4S/startup_sam4s.o
Rcon                                              objdir-CW308_SAM4S/aes.o
Reset_Handler                                     objdir-CW308_SAM4S/startup_sam4s.o
SPI_Handler                                       objdir-CW308_SAM4S/startup_sam4s.o
SSC_Handler                                       objdir-CW308_SAM4S/startup_sam4s.o
SUPC_Handler                                      objdir-CW308_SAM4S/startup_sam4s.o
SVC_Handler                                       objdir-CW308_SAM4S/startup_sam4s.o
SysTick_Handler                                   objdir-CW308_SAM4S/startup_sam4s.o
SystemCoreClock                                   objdir-CW308_SAM4S/system_sam4s.o
SystemCoreClockUpdate                             objdir-CW308_SAM4S/system_sam4s.o
                                                  objdir-CW308_SAM4S/sysclk.o
                                                  objdir-CW308_SAM4S/sam4s_hal.o
SystemInit                                        objdir-CW308_SAM4S/system_sam4s.o
TC0_Handler                                       objdir-CW308_SAM4S/startup_sam4s.o
TC1_Handler                                       objdir-CW308_SAM4S/startup_sam4s.o
TC2_Handler                                       objdir-CW308_SAM4S/startup_sam4s.o
TWI0_Handler                                      objdir-CW308_SAM4S/startup_sam4s.o
TWI1_Handler                                      objdir-CW308_SAM4S/startup_sam4s.o
UART0_Handler                                     objdir-CW308_SAM4S/startup_sam4s.o
UART1_Handler                                     objdir-CW308_SAM4S/startup_sam4s.o
UDP_Handler                                       objdir-CW308_SAM4S/startup_sam4s.o
USART0_Handler                                    objdir-CW308_SAM4S/startup_sam4s.o
USART1_Handler                                    objdir-CW308_SAM4S/startup_sam4s.o
UsageFault_Handler                                objdir-CW308_SAM4S/startup_sam4s.o
WDT_Handler                                       objdir-CW308_SAM4S/startup_sam4s.o
__bss_end__                                       c:/chipwh~2/cw/home/portable/armgcc/bin/../lib/gcc/arm-none-eabi/10.2.1/../../../../arm-none-eabi/lib/thumb/v7e-m/nofp/crt0.o
__bss_start__                                     c:/chipwh~2/cw/home/portable/armgcc/bin/../lib/gcc/arm-none-eabi/10.2.1/../../../../arm-none-eabi/lib/thumb/v7e-m/nofp/crt0.o
__call_exitprocs                                  c:/chipwh~2/cw/home/portable/armgcc/bin/../lib/gcc/arm-none-eabi/10.2.1/../../../../arm-none-eabi/lib/thumb/v7e-m/nofp\libg_nano.a(lib_a-exit.o)
__deregister_frame_info                           c:/chipwh~2/cw/home/portable/armgcc/bin/../lib/gcc/arm-none-eabi/10.2.1/thumb/v7e-m/nofp/crtbegin.o
__dso_handle                                      c:/chipwh~2/cw/home/portable/armgcc/bin/../lib/gcc/arm-none-eabi/10.2.1/thumb/v7e-m/nofp/crtbegin.o
__init_array_end                                  c:/chipwh~2/cw/home/portable/armgcc/bin/../lib/gcc/arm-none-eabi/10.2.1/../../../../arm-none-eabi/lib/thumb/v7e-m/nofp\libg_nano.a(lib_a-init.o)
__init_array_start                                c:/chipwh~2/cw/home/portable/armgcc/bin/../lib/gcc/arm-none-eabi/10.2.1/../../../../arm-none-eabi/lib/thumb/v7e-m/nofp\libg_nano.a(lib_a-init.o)
__libc_fini_array                                 c:/chipwh~2/cw/home/portable/armgcc/bin/../lib/gcc/arm-none-eabi/10.2.1/../../../../arm-none-eabi/lib/thumb/v7e-m/nofp/crt0.o
__libc_init_array                                 c:/chipwh~2/cw/home/portable/armgcc/bin/../lib/gcc/arm-none-eabi/10.2.1/../../../../arm-none-eabi/lib/thumb/v7e-m/nofp\libg_nano.a(lib_a-init.o)
                                                  objdir-CW308_SAM4S/startup_sam4s.o
                                                  c:/chipwh~2/cw/home/portable/armgcc/bin/../lib/gcc/arm-none-eabi/10.2.1/../../../../arm-none-eabi/lib/thumb/v7e-m/nofp/crt0.o
__preinit_array_end                               c:/chipwh~2/cw/home/portable/armgcc/bin/../lib/gcc/arm-none-eabi/10.2.1/../../../../arm-none-eabi/lib/thumb/v7e-m/nofp\libg_nano.a(lib_a-init.o)
__preinit_array_start                             c:/chipwh~2/cw/home/portable/armgcc/bin/../lib/gcc/arm-none-eabi/10.2.1/../../../../arm-none-eabi/lib/thumb/v7e-m/nofp\libg_nano.a(lib_a-init.o)
__register_frame_info                             c:/chipwh~2/cw/home/portable/armgcc/bin/../lib/gcc/arm-none-eabi/10.2.1/thumb/v7e-m/nofp/crtbegin.o
__sf_fake_stderr                                  c:/chipwh~2/cw/home/portable/armgcc/bin/../lib/gcc/arm-none-eabi/10.2.1/../../../../arm-none-eabi/lib/thumb/v7e-m/nofp\libg_nano.a(lib_a-impure.o)
__sf_fake_stdin                                   c:/chipwh~2/cw/home/portable/armgcc/bin/../lib/gcc/arm-none-eabi/10.2.1/../../../../arm-none-eabi/lib/thumb/v7e-m/nofp\libg_nano.a(lib_a-impure.o)
__sf_fake_stdout                                  c:/chipwh~2/cw/home/portable/armgcc/bin/../lib/gcc/arm-none-eabi/10.2.1/../../../../arm-none-eabi/lib/thumb/v7e-m/nofp\libg_nano.a(lib_a-impure.o)
__stack                                           c:/chipwh~2/cw/home/portable/armgcc/bin/../lib/gcc/arm-none-eabi/10.2.1/../../../../arm-none-eabi/lib/thumb/v7e-m/nofp/crt0.o
_erelocate                                        objdir-CW308_SAM4S/startup_sam4s.o
_estack                                           objdir-CW308_SAM4S/startup_sam4s.o
_etext                                            objdir-CW308_SAM4S/startup_sam4s.o
_exit                                             c:/chipwh~2/cw/home/portable/armgcc/bin/../lib/gcc/arm-none-eabi/10.2.1/../../../../arm-none-eabi/lib/thumb/v7e-m/nofp\libnosys.a(_exit.o)
                                                  c:/chipwh~2/cw/home/portable/armgcc/bin/../lib/gcc/arm-none-eabi/10.2.1/../../../../arm-none-eabi/lib/thumb/v7e-m/nofp\libg_nano.a(lib_a-exit.o)
_ezero                                            objdir-CW308_SAM4S/startup_sam4s.o
_fini                                             c:/chipwh~2/cw/home/portable/armgcc/bin/../lib/gcc/arm-none-eabi/10.2.1/thumb/v7e-m/nofp/crti.o
_global_impure_ptr                                c:/chipwh~2/cw/home/portable/armgcc/bin/../lib/gcc/arm-none-eabi/10.2.1/../../../../arm-none-eabi/lib/thumb/v7e-m/nofp\libg_nano.a(lib_a-impure.o)
                                                  c:/chipwh~2/cw/home/portable/armgcc/bin/../lib/gcc/arm-none-eabi/10.2.1/../../../../arm-none-eabi/lib/thumb/v7e-m/nofp\libg_nano.a(lib_a-exit.o)
_impure_ptr                                       c:/chipwh~2/cw/home/portable/armgcc/bin/../lib/gcc/arm-none-eabi/10.2.1/../../../../arm-none-eabi/lib/thumb/v7e-m/nofp\libg_nano.a(lib_a-impure.o)
_init                                             c:/chipwh~2/cw/home/portable/armgcc/bin/../lib/gcc/arm-none-eabi/10.2.1/thumb/v7e-m/nofp/crti.o
                                                  c:/chipwh~2/cw/home/portable/armgcc/bin/../lib/gcc/arm-none-eabi/10.2.1/../../../../arm-none-eabi/lib/thumb/v7e-m/nofp\libg_nano.a(lib_a-init.o)
_mainCRTStartup                                   c:/chipwh~2/cw/home/portable/armgcc/bin/../lib/gcc/arm-none-eabi/10.2.1/../../../../arm-none-eabi/lib/thumb/v7e-m/nofp/crt0.o
_sfixed                                           objdir-CW308_SAM4S/startup_sam4s.o
_srelocate                                        objdir-CW308_SAM4S/startup_sam4s.o
_stack_init                                       c:/chipwh~2/cw/home/portable/armgcc/bin/../lib/gcc/arm-none-eabi/10.2.1/../../../../arm-none-eabi/lib/thumb/v7e-m/nofp/crt0.o
_start                                            c:/chipwh~2/cw/home/portable/armgcc/bin/../lib/gcc/arm-none-eabi/10.2.1/../../../../arm-none-eabi/lib/thumb/v7e-m/nofp/crt0.o
_szero                                            objdir-CW308_SAM4S/startup_sam4s.o
aes                                               objdir-CW308_SAM4S/simpleserial-aes.o
aes_indep_enc                                     objdir-CW308_SAM4S/aes-independant.o
                                                  objdir-CW308_SAM4S/simpleserial-aes.o
aes_indep_enc_posttrigger                         objdir-CW308_SAM4S/aes-independant.o
                                                  objdir-CW308_SAM4S/simpleserial-aes.o
aes_indep_enc_pretrigger                          objdir-CW308_SAM4S/aes-independant.o
                                                  objdir-CW308_SAM4S/simpleserial-aes.o
aes_indep_init                                    objdir-CW308_SAM4S/aes-independant.o
                                                  objdir-CW308_SAM4S/simpleserial-aes.o
aes_indep_key                                     objdir-CW308_SAM4S/aes-independant.o
                                                  objdir-CW308_SAM4S/simpleserial-aes.o
aes_indep_mask                                    objdir-CW308_SAM4S/aes-independant.o
                                                  objdir-CW308_SAM4S/simpleserial-aes.o
atexit                                            c:/chipwh~2/cw/home/portable/armgcc/bin/../lib/gcc/arm-none-eabi/10.2.1/../../../../arm-none-eabi/lib/thumb/v7e-m/nofp/crt0.o
check_version                                     objdir-CW308_SAM4S/simpleserial.o
enc_multi_getpt                                   objdir-CW308_SAM4S/simpleserial-aes.o
enc_multi_setnum                                  objdir-CW308_SAM4S/simpleserial-aes.o
enckey                                            objdir-CW308_SAM4S/aes-independant.o
exception_table                                   objdir-CW308_SAM4S/startup_sam4s.o
exit                                              c:/chipwh~2/cw/home/portable/armgcc/bin/../lib/gcc/arm-none-eabi/10.2.1/../../../../arm-none-eabi/lib/thumb/v7e-m/nofp\libg_nano.a(lib_a-exit.o)
                                                  c:/chipwh~2/cw/home/portable/armgcc/bin/../lib/gcc/arm-none-eabi/10.2.1/../../../../arm-none-eabi/lib/thumb/v7e-m/nofp/crt0.o
get_key                                           objdir-CW308_SAM4S/simpleserial-aes.o
get_mask                                          objdir-CW308_SAM4S/simpleserial-aes.o
get_pt                                            objdir-CW308_SAM4S/simpleserial-aes.o
getch                                             objdir-CW308_SAM4S/sam4s_hal.o
                                                  objdir-CW308_SAM4S/simpleserial.o
hardware_init_hook                                c:/chipwh~2/cw/home/portable/armgcc/bin/../lib/gcc/arm-none-eabi/10.2.1/../../../../arm-none-eabi/lib/thumb/v7e-m/nofp/crt0.o
hex_decode                                        objdir-CW308_SAM4S/simpleserial.o
init_uart                                         objdir-CW308_SAM4S/sam4s_hal.o
                                                  objdir-CW308_SAM4S/simpleserial-aes.o
main                                              objdir-CW308_SAM4S/simpleserial-aes.o
                                                  objdir-CW308_SAM4S/startup_sam4s.o
                                                  c:/chipwh~2/cw/home/portable/armgcc/bin/../lib/gcc/arm-none-eabi/10.2.1/../../../../arm-none-eabi/lib/thumb/v7e-m/nofp/crt0.o
memcpy                                            c:/chipwh~2/cw/home/portable/armgcc/bin/../lib/gcc/arm-none-eabi/10.2.1/../../../../arm-none-eabi/lib/thumb/v7e-m/nofp\libg_nano.a(lib_a-memcpy-stub.o)
                                                  objdir-CW308_SAM4S/startup_sam4s.o
                                                  objdir-CW308_SAM4S/simpleserial.o
memset                                            c:/chipwh~2/cw/home/portable/armgcc/bin/../lib/gcc/arm-none-eabi/10.2.1/../../../../arm-none-eabi/lib/thumb/v7e-m/nofp\libg_nano.a(lib_a-memset.o)
                                                  objdir-CW308_SAM4S/startup_sam4s.o
                                                  c:/chipwh~2/cw/home/portable/armgcc/bin/../lib/gcc/arm-none-eabi/10.2.1/../../../../arm-none-eabi/lib/thumb/v7e-m/nofp/crt0.o
pio_capture_disable                               objdir-CW308_SAM4S/pio.o
pio_capture_disable_interrupt                     objdir-CW308_SAM4S/pio.o
pio_capture_enable                                objdir-CW308_SAM4S/pio.o
pio_capture_enable_flag                           objdir-CW308_SAM4S/pio.o
pio_capture_enable_interrupt                      objdir-CW308_SAM4S/pio.o
pio_capture_get_interrupt_mask                    objdir-CW308_SAM4S/pio.o
pio_capture_get_interrupt_status                  objdir-CW308_SAM4S/pio.o
pio_capture_get_pdc_base                          objdir-CW308_SAM4S/pio.o
pio_capture_read                                  objdir-CW308_SAM4S/pio.o
pio_capture_set_mode                              objdir-CW308_SAM4S/pio.o
pio_clear                                         objdir-CW308_SAM4S/pio.o
pio_configure                                     objdir-CW308_SAM4S/pio.o
pio_configure_interrupt                           objdir-CW308_SAM4S/pio.o
pio_configure_pin                                 objdir-CW308_SAM4S/pio.o
                                                  objdir-CW308_SAM4S/sam4s_hal.o
pio_configure_pin_group                           objdir-CW308_SAM4S/pio.o
pio_disable_interrupt                             objdir-CW308_SAM4S/pio.o
pio_disable_output_write                          objdir-CW308_SAM4S/pio.o
pio_disable_pin_interrupt                         objdir-CW308_SAM4S/pio.o
pio_enable_interrupt                              objdir-CW308_SAM4S/pio.o
pio_enable_output_write                           objdir-CW308_SAM4S/pio.o
pio_enable_pin_interrupt                          objdir-CW308_SAM4S/pio.o
pio_get                                           objdir-CW308_SAM4S/pio.o
pio_get_interrupt_mask                            objdir-CW308_SAM4S/pio.o
pio_get_interrupt_status                          objdir-CW308_SAM4S/pio.o
pio_get_multi_driver_status                       objdir-CW308_SAM4S/pio.o
pio_get_output_data_status                        objdir-CW308_SAM4S/pio.o
pio_get_output_write_status                       objdir-CW308_SAM4S/pio.o
pio_get_pin_group                                 objdir-CW308_SAM4S/pio.o
pio_get_pin_group_id                              objdir-CW308_SAM4S/pio.o
pio_get_pin_group_mask                            objdir-CW308_SAM4S/pio.o
pio_get_pin_value                                 objdir-CW308_SAM4S/pio.o
pio_get_schmitt_trigger                           objdir-CW308_SAM4S/pio.o
pio_get_writeprotect_status                       objdir-CW308_SAM4S/pio.o
pio_pull_down                                     objdir-CW308_SAM4S/pio.o
pio_pull_up                                       objdir-CW308_SAM4S/pio.o
pio_set                                           objdir-CW308_SAM4S/pio.o
pio_set_additional_interrupt_mode                 objdir-CW308_SAM4S/pio.o
pio_set_debounce_filter                           objdir-CW308_SAM4S/pio.o
pio_set_input                                     objdir-CW308_SAM4S/pio.o
pio_set_multi_driver                              objdir-CW308_SAM4S/pio.o
pio_set_output                                    objdir-CW308_SAM4S/pio.o
pio_set_peripheral                                objdir-CW308_SAM4S/pio.o
pio_set_pin_group_high                            objdir-CW308_SAM4S/pio.o
pio_set_pin_group_low                             objdir-CW308_SAM4S/pio.o
pio_set_pin_high                                  objdir-CW308_SAM4S/pio.o
                                                  objdir-CW308_SAM4S/sam4s_hal.o
pio_set_pin_low                                   objdir-CW308_SAM4S/pio.o
                                                  objdir-CW308_SAM4S/sam4s_hal.o
pio_set_schmitt_trigger                           objdir-CW308_SAM4S/pio.o
pio_set_writeprotect                              objdir-CW308_SAM4S/pio.o
pio_sync_output_write                             objdir-CW308_SAM4S/pio.o
pio_toggle_pin                                    objdir-CW308_SAM4S/pio.o
pio_toggle_pin_group                              objdir-CW308_SAM4S/pio.o
platform_init                                     objdir-CW308_SAM4S/sam4s_hal.o
                                                  objdir-CW308_SAM4S/simpleserial-aes.o
pmc_clr_fast_startup_input                        objdir-CW308_SAM4S/pmc.o
pmc_disable_all_pck                               objdir-CW308_SAM4S/pmc.o
pmc_disable_all_periph_clk                        objdir-CW308_SAM4S/pmc.o
pmc_disable_clock_failure_detector                objdir-CW308_SAM4S/pmc.o
pmc_disable_interrupt                             objdir-CW308_SAM4S/pmc.o
pmc_disable_pck                                   objdir-CW308_SAM4S/pmc.o
pmc_disable_periph_clk                            objdir-CW308_SAM4S/pmc.o
pmc_disable_pllack                                objdir-CW308_SAM4S/pmc.o
pmc_disable_pllbck                                objdir-CW308_SAM4S/pmc.o
pmc_disable_udpck                                 objdir-CW308_SAM4S/pmc.o
pmc_enable_all_pck                                objdir-CW308_SAM4S/pmc.o
pmc_enable_all_periph_clk                         objdir-CW308_SAM4S/pmc.o
pmc_enable_backupmode                             objdir-CW308_SAM4S/pmc.o
pmc_enable_clock_failure_detector                 objdir-CW308_SAM4S/pmc.o
pmc_enable_interrupt                              objdir-CW308_SAM4S/pmc.o
pmc_enable_pck                                    objdir-CW308_SAM4S/pmc.o
pmc_enable_periph_clk                             objdir-CW308_SAM4S/pmc.o
                                                  objdir-CW308_SAM4S/sam4s_hal.o
pmc_enable_pllack                                 objdir-CW308_SAM4S/pmc.o
pmc_enable_pllbck                                 objdir-CW308_SAM4S/pmc.o
pmc_enable_sleepmode                              objdir-CW308_SAM4S/pmc.o
pmc_enable_udpck                                  objdir-CW308_SAM4S/pmc.o
pmc_enable_waitmode                               objdir-CW308_SAM4S/pmc.o
pmc_get_interrupt_mask                            objdir-CW308_SAM4S/pmc.o
pmc_get_status                                    objdir-CW308_SAM4S/pmc.o
pmc_get_writeprotect_status                       objdir-CW308_SAM4S/pmc.o
pmc_is_locked_pllack                              objdir-CW308_SAM4S/pmc.o
pmc_is_locked_pllbck                              objdir-CW308_SAM4S/pmc.o
pmc_is_pck_enabled                                objdir-CW308_SAM4S/pmc.o
pmc_is_periph_clk_enabled                         objdir-CW308_SAM4S/pmc.o
pmc_mainck_osc_select                             objdir-CW308_SAM4S/pmc.o
pmc_mck_set_prescaler                             objdir-CW308_SAM4S/pmc.o
                                                  objdir-CW308_SAM4S/sysclk.o
pmc_mck_set_source                                objdir-CW308_SAM4S/pmc.o
                                                  objdir-CW308_SAM4S/sysclk.o
pmc_osc_bypass_main_xtal                          objdir-CW308_SAM4S/pmc.o
pmc_osc_disable_fastrc                            objdir-CW308_SAM4S/pmc.o
pmc_osc_disable_main_xtal                         objdir-CW308_SAM4S/pmc.o
pmc_osc_disable_xtal                              objdir-CW308_SAM4S/pmc.o
pmc_osc_enable_fastrc                             objdir-CW308_SAM4S/pmc.o
pmc_osc_enable_main_xtal                          objdir-CW308_SAM4S/pmc.o
pmc_osc_is_bypassed_main_xtal                     objdir-CW308_SAM4S/pmc.o
pmc_osc_is_ready_32kxtal                          objdir-CW308_SAM4S/pmc.o
pmc_osc_is_ready_fastrc                           objdir-CW308_SAM4S/pmc.o
pmc_osc_is_ready_main_xtal                        objdir-CW308_SAM4S/pmc.o
pmc_osc_is_ready_mainck                           objdir-CW308_SAM4S/pmc.o
pmc_pck_set_prescaler                             objdir-CW308_SAM4S/pmc.o
pmc_pck_set_source                                objdir-CW308_SAM4S/pmc.o
pmc_set_fast_startup_input                        objdir-CW308_SAM4S/pmc.o
pmc_set_flash_in_wait_mode                        objdir-CW308_SAM4S/pmc.o
pmc_set_writeprotect                              objdir-CW308_SAM4S/pmc.o
                                                  objdir-CW308_SAM4S/sam4s_hal.o
pmc_switch_mainck_to_fastrc                       objdir-CW308_SAM4S/pmc.o
pmc_switch_mainck_to_xtal                         objdir-CW308_SAM4S/pmc.o
pmc_switch_mck_to_mainck                          objdir-CW308_SAM4S/pmc.o
pmc_switch_mck_to_pllack                          objdir-CW308_SAM4S/pmc.o
pmc_switch_mck_to_pllbck                          objdir-CW308_SAM4S/pmc.o
pmc_switch_mck_to_sclk                            objdir-CW308_SAM4S/pmc.o
                                                  objdir-CW308_SAM4S/sam4s_hal.o
pmc_switch_pck_to_mainck                          objdir-CW308_SAM4S/pmc.o
pmc_switch_pck_to_mck                             objdir-CW308_SAM4S/pmc.o
pmc_switch_pck_to_pllack                          objdir-CW308_SAM4S/pmc.o
pmc_switch_pck_to_pllbck                          objdir-CW308_SAM4S/pmc.o
pmc_switch_pck_to_sclk                            objdir-CW308_SAM4S/pmc.o
pmc_switch_sclk_to_32kxtal                        objdir-CW308_SAM4S/pmc.o
pmc_switch_udpck_to_pllack                        objdir-CW308_SAM4S/pmc.o
pmc_switch_udpck_to_pllbck                        objdir-CW308_SAM4S/pmc.o
putch                                             objdir-CW308_SAM4S/sam4s_hal.o
                                                  objdir-CW308_SAM4S/simpleserial.o
                                                  objdir-CW308_SAM4S/simpleserial-aes.o
reset                                             objdir-CW308_SAM4S/simpleserial-aes.o
rsbox                                             objdir-CW308_SAM4S/aes.o
sbox                                              objdir-CW308_SAM4S/aes.o
simpleserial_addcmd                               objdir-CW308_SAM4S/simpleserial.o
                                                  objdir-CW308_SAM4S/simpleserial-aes.o
simpleserial_get                                  objdir-CW308_SAM4S/simpleserial.o
                                                  objdir-CW308_SAM4S/simpleserial-aes.o
simpleserial_init                                 objdir-CW308_SAM4S/simpleserial.o
                                                  objdir-CW308_SAM4S/simpleserial-aes.o
simpleserial_put                                  objdir-CW308_SAM4S/simpleserial.o
                                                  objdir-CW308_SAM4S/simpleserial-aes.o
software_init_hook                                c:/chipwh~2/cw/home/portable/armgcc/bin/../lib/gcc/arm-none-eabi/10.2.1/../../../../arm-none-eabi/lib/thumb/v7e-m/nofp/crt0.o
ss_crc                                            objdir-CW308_SAM4S/simpleserial.o
ss_get_commands                                   objdir-CW308_SAM4S/simpleserial.o
ss_puts                                           objdir-CW308_SAM4S/simpleserial.o
stuff_data                                        objdir-CW308_SAM4S/simpleserial.o
sysclk_init                                       objdir-CW308_SAM4S/sysclk.o
sysclk_set_prescalers                             objdir-CW308_SAM4S/sysclk.o
sysclk_set_source                                 objdir-CW308_SAM4S/sysclk.o
system_init_flash                                 objdir-CW308_SAM4S/system_sam4s.o
                                                  objdir-CW308_SAM4S/sysclk.o
                                                  objdir-CW308_SAM4S/sam4s_hal.o
trigger_high                                      objdir-CW308_SAM4S/sam4s_hal.o
                                                  objdir-CW308_SAM4S/simpleserial-aes.o
trigger_low                                       objdir-CW308_SAM4S/sam4s_hal.o
                                                  objdir-CW308_SAM4S/simpleserial-aes.o
trigger_setup                                     objdir-CW308_SAM4S/sam4s_hal.o
                                                  objdir-CW308_SAM4S/simpleserial-aes.o
uart_disable                                      objdir-CW308_SAM4S/uart.o
uart_disable_interrupt                            objdir-CW308_SAM4S/uart.o
uart_disable_rx                                   objdir-CW308_SAM4S/uart.o
uart_disable_tx                                   objdir-CW308_SAM4S/uart.o
uart_enable                                       objdir-CW308_SAM4S/uart.o
uart_enable_interrupt                             objdir-CW308_SAM4S/uart.o
uart_enable_rx                                    objdir-CW308_SAM4S/uart.o
                                                  objdir-CW308_SAM4S/sam4s_hal.o
uart_enable_tx                                    objdir-CW308_SAM4S/uart.o
                                                  objdir-CW308_SAM4S/sam4s_hal.o
uart_get_interrupt_mask                           objdir-CW308_SAM4S/uart.o
uart_get_pdc_base                                 objdir-CW308_SAM4S/uart.o
uart_get_status                                   objdir-CW308_SAM4S/uart.o
uart_init                                         objdir-CW308_SAM4S/uart.o
                                                  objdir-CW308_SAM4S/sam4s_hal.o
uart_is_rx_buf_end                                objdir-CW308_SAM4S/uart.o
uart_is_rx_buf_full                               objdir-CW308_SAM4S/uart.o
uart_is_rx_ready                                  objdir-CW308_SAM4S/uart.o
uart_is_tx_buf_empty                              objdir-CW308_SAM4S/uart.o
uart_is_tx_buf_end                                objdir-CW308_SAM4S/uart.o
uart_is_tx_empty                                  objdir-CW308_SAM4S/uart.o
uart_is_tx_ready                                  objdir-CW308_SAM4S/uart.o
uart_read                                         objdir-CW308_SAM4S/uart.o
                                                  objdir-CW308_SAM4S/sam4s_hal.o
uart_reset                                        objdir-CW308_SAM4S/uart.o
uart_reset_rx                                     objdir-CW308_SAM4S/uart.o
uart_reset_status                                 objdir-CW308_SAM4S/uart.o
uart_reset_tx                                     objdir-CW308_SAM4S/uart.o
uart_set_clock_divisor                            objdir-CW308_SAM4S/uart.o
uart_write                                        objdir-CW308_SAM4S/uart.o
                                                  objdir-CW308_SAM4S/sam4s_hal.o
unstuff_data                                      objdir-CW308_SAM4S/simpleserial.o
